4 configurations x 3024 secrets, seed 20260805, 3024-code ruleset
  random/restricted: 25/3024
  random/restricted: 50/3024
  random/restricted: 75/3024
  random/restricted: 100/3024
  random/restricted: 125/3024
  random/restricted: 150/3024
  random/restricted: 175/3024
  random/restricted: 200/3024
  random/restricted: 225/3024
  random/restricted: 250/3024
  random/restricted: 275/3024
  random/restricted: 300/3024
  random/restricted: 325/3024
  random/restricted: 350/3024
  random/restricted: 375/3024
  random/restricted: 400/3024
  random/restricted: 425/3024
  random/restricted: 450/3024
  random/restricted: 475/3024
  random/restricted: 500/3024
  random/restricted: 525/3024
  random/restricted: 550/3024
  random/restricted: 575/3024
  random/restricted: 600/3024
  random/restricted: 625/3024
  random/restricted: 650/3024
  random/restricted: 675/3024
  random/restricted: 700/3024
  random/restricted: 725/3024
  random/restricted: 750/3024
  random/restricted: 775/3024
  random/restricted: 800/3024
  random/restricted: 825/3024
  random/restricted: 850/3024
  random/restricted: 875/3024
  random/restricted: 900/3024
  random/restricted: 925/3024
  random/restricted: 950/3024
  random/restricted: 975/3024
  random/restricted: 1000/3024
  random/restricted: 1025/3024
  random/restricted: 1050/3024
  random/restricted: 1075/3024
  random/restricted: 1100/3024
  random/restricted: 1125/3024
  random/restricted: 1150/3024
  random/restricted: 1175/3024
  random/restricted: 1200/3024
  random/restricted: 1225/3024
  random/restricted: 1250/3024
  random/restricted: 1275/3024
  random/restricted: 1300/3024
  random/restricted: 1325/3024
  random/restricted: 1350/3024
  random/restricted: 1375/3024
  random/restricted: 1400/3024
  random/restricted: 1425/3024
  random/restricted: 1450/3024
  random/restricted: 1475/3024
  random/restricted: 1500/3024
  random/restricted: 1525/3024
  random/restricted: 1550/3024
  random/restricted: 1575/3024
  random/restricted: 1600/3024
  random/restricted: 1625/3024
  random/restricted: 1650/3024
  random/restricted: 1675/3024
  random/restricted: 1700/3024
  random/restricted: 1725/3024
  random/restricted: 1750/3024
  random/restricted: 1775/3024
  random/restricted: 1800/3024
  random/restricted: 1825/3024
  random/restricted: 1850/3024
  random/restricted: 1875/3024
  random/restricted: 1900/3024
  random/restricted: 1925/3024
  random/restricted: 1950/3024
  random/restricted: 1975/3024
  random/restricted: 2000/3024
  random/restricted: 2025/3024
  random/restricted: 2050/3024
  random/restricted: 2075/3024
  random/restricted: 2100/3024
  random/restricted: 2125/3024
  random/restricted: 2150/3024
  random/restricted: 2175/3024
  random/restricted: 2200/3024
  random/restricted: 2225/3024
  random/restricted: 2250/3024
  random/restricted: 2275/3024
  random/restricted: 2300/3024
  random/restricted: 2325/3024
  random/restricted: 2350/3024
  random/restricted: 2375/3024
  random/restricted: 2400/3024
  random/restricted: 2425/3024
  random/restricted: 2450/3024
  random/restricted: 2475/3024
  random/restricted: 2500/3024
  random/restricted: 2525/3024
  random/restricted: 2550/3024
  random/restricted: 2575/3024
  random/restricted: 2600/3024
  random/restricted: 2625/3024
  random/restricted: 2650/3024
  random/restricted: 2675/3024
  random/restricted: 2700/3024
  random/restricted: 2725/3024
  random/restricted: 2750/3024
  random/restricted: 2775/3024
  random/restricted: 2800/3024
  random/restricted: 2825/3024
  random/restricted: 2850/3024
  random/restricted: 2875/3024
  random/restricted: 2900/3024
  random/restricted: 2925/3024
  random/restricted: 2950/3024
  random/restricted: 2975/3024
  random/restricted: 3000/3024
random/restricted: mean 5.161, sample max 9, cold open 0.0s, 386s total
  minimax/restricted: 25/3024
  minimax/restricted: 50/3024
  minimax/restricted: 75/3024
  minimax/restricted: 100/3024
  minimax/restricted: 125/3024
  minimax/restricted: 150/3024
  minimax/restricted: 175/3024
  minimax/restricted: 200/3024
  minimax/restricted: 225/3024
  minimax/restricted: 250/3024
  minimax/restricted: 275/3024
  minimax/restricted: 300/3024
  minimax/restricted: 325/3024
  minimax/restricted: 350/3024
  minimax/restricted: 375/3024
  minimax/restricted: 400/3024
  minimax/restricted: 425/3024
  minimax/restricted: 450/3024
  minimax/restricted: 475/3024
  minimax/restricted: 500/3024
  minimax/restricted: 525/3024
  minimax/restricted: 550/3024
  minimax/restricted: 575/3024
  minimax/restricted: 600/3024
  minimax/restricted: 625/3024
  minimax/restricted: 650/3024
  minimax/restricted: 675/3024
  minimax/restricted: 700/3024
  minimax/restricted: 725/3024
  minimax/restricted: 750/3024
  minimax/restricted: 775/3024
  minimax/restricted: 800/3024
  minimax/restricted: 825/3024
  minimax/restricted: 850/3024
  minimax/restricted: 875/3024
  minimax/restricted: 900/3024
  minimax/restricted: 925/3024
  minimax/restricted: 950/3024
  minimax/restricted: 975/3024
  minimax/restricted: 1000/3024
  minimax/restricted: 1025/3024
  minimax/restricted: 1050/3024
  minimax/restricted: 1075/3024
  minimax/restricted: 1100/3024
  minimax/restricted: 1125/3024
  minimax/restricted: 1150/3024
  minimax/restricted: 1175/3024
  minimax/restricted: 1200/3024
  minimax/restricted: 1225/3024
  minimax/restricted: 1250/3024
  minimax/restricted: 1275/3024
  minimax/restricted: 1300/3024
  minimax/restricted: 1325/3024
  minimax/restricted: 1350/3024
  minimax/restricted: 1375/3024
  minimax/restricted: 1400/3024
  minimax/restricted: 1425/3024
  minimax/restricted: 1450/3024
  minimax/restricted: 1475/3024
  minimax/restricted: 1500/3024
  minimax/restricted: 1525/3024
  minimax/restricted: 1550/3024
  minimax/restricted: 1575/3024
  minimax/restricted: 1600/3024
  minimax/restricted: 1625/3024
  minimax/restricted: 1650/3024
  minimax/restricted: 1675/3024
  minimax/restricted: 1700/3024
  minimax/restricted: 1725/3024
  minimax/restricted: 1750/3024
  minimax/restricted: 1775/3024
  minimax/restricted: 1800/3024
  minimax/restricted: 1825/3024
  minimax/restricted: 1850/3024
  minimax/restricted: 1875/3024
  minimax/restricted: 1900/3024
  minimax/restricted: 1925/3024
  minimax/restricted: 1950/3024
  minimax/restricted: 1975/3024
  minimax/restricted: 2000/3024
  minimax/restricted: 2025/3024
  minimax/restricted: 2050/3024
  minimax/restricted: 2075/3024
  minimax/restricted: 2100/3024
  minimax/restricted: 2125/3024
  minimax/restricted: 2150/3024
  minimax/restricted: 2175/3024
  minimax/restricted: 2200/3024
  minimax/restricted: 2225/3024
  minimax/restricted: 2250/3024
  minimax/restricted: 2275/3024
  minimax/restricted: 2300/3024
  minimax/restricted: 2325/3024
  minimax/restricted: 2350/3024
  minimax/restricted: 2375/3024
  minimax/restricted: 2400/3024
  minimax/restricted: 2425/3024
  minimax/restricted: 2450/3024
  minimax/restricted: 2475/3024
  minimax/restricted: 2500/3024
  minimax/restricted: 2525/3024
  minimax/restricted: 2550/3024
  minimax/restricted: 2575/3024
  minimax/restricted: 2600/3024
  minimax/restricted: 2625/3024
  minimax/restricted: 2650/3024
  minimax/restricted: 2675/3024
  minimax/restricted: 2700/3024
  minimax/restricted: 2725/3024
  minimax/restricted: 2750/3024
  minimax/restricted: 2775/3024
  minimax/restricted: 2800/3024
  minimax/restricted: 2825/3024
  minimax/restricted: 2850/3024
  minimax/restricted: 2875/3024
  minimax/restricted: 2900/3024
  minimax/restricted: 2925/3024
  minimax/restricted: 2950/3024
  minimax/restricted: 2975/3024
  minimax/restricted: 3000/3024
minimax/restricted: mean 5.044, sample max 7, cold open 61.1s, 6329s total
  expected-size/restricted: 25/3024
  expected-size/restricted: 50/3024
  expected-size/restricted: 75/3024
  expected-size/restricted: 100/3024
  expected-size/restricted: 125/3024
  expected-size/restricted: 150/3024
  expected-size/restricted: 175/3024
  expected-size/restricted: 200/3024
  expected-size/restricted: 225/3024
  expected-size/restricted: 250/3024
  expected-size/restricted: 275/3024
  expected-size/restricted: 300/3024
  expected-size/restricted: 325/3024
  expected-size/restricted: 350/3024
  expected-size/restricted: 375/3024
  expected-size/restricted: 400/3024
  expected-size/restricted: 425/3024
  expected-size/restricted: 450/3024
  expected-size/restricted: 475/3024
  expected-size/restricted: 500/3024
  expected-size/restricted: 525/3024
  expected-size/restricted: 550/3024
  expected-size/restricted: 575/3024
  expected-size/restricted: 600/3024
  expected-size/restricted: 625/3024
  expected-size/restricted: 650/3024
  expected-size/restricted: 675/3024
  expected-size/restricted: 700/3024
  expected-size/restricted: 725/3024
  expected-size/restricted: 750/3024
  expected-size/restricted: 775/3024
  expected-size/restricted: 800/3024
  expected-size/restricted: 825/3024
  expected-size/restricted: 850/3024
  expected-size/restricted: 875/3024
  expected-size/restricted: 900/3024
  expected-size/restricted: 925/3024
  expected-size/restricted: 950/3024
  expected-size/restricted: 975/3024
  expected-size/restricted: 1000/3024
  expected-size/restricted: 1025/3024
  expected-size/restricted: 1050/3024
  expected-size/restricted: 1075/3024
  expected-size/restricted: 1100/3024
  expected-size/restricted: 1125/3024
  expected-size/restricted: 1150/3024
  expected-size/restricted: 1175/3024
  expected-size/restricted: 1200/3024
  expected-size/restricted: 1225/3024
  expected-size/restricted: 1250/3024
  expected-size/restricted: 1275/3024
  expected-size/restricted: 1300/3024
  expected-size/restricted: 1325/3024
  expected-size/restricted: 1350/3024
  expected-size/restricted: 1375/3024
  expected-size/restricted: 1400/3024
  expected-size/restricted: 1425/3024
  expected-size/restricted: 1450/3024
  expected-size/restricted: 1475/3024
  expected-size/restricted: 1500/3024
  expected-size/restricted: 1525/3024
  expected-size/restricted: 1550/3024
  expected-size/restricted: 1575/3024
  expected-size/restricted: 1600/3024
  expected-size/restricted: 1625/3024
  expected-size/restricted: 1650/3024
  expected-size/restricted: 1675/3024
  expected-size/restricted: 1700/3024
  expected-size/restricted: 1725/3024
  expected-size/restricted: 1750/3024
  expected-size/restricted: 1775/3024
  expected-size/restricted: 1800/3024
  expected-size/restricted: 1825/3024
  expected-size/restricted: 1850/3024
  expected-size/restricted: 1875/3024
  expected-size/restricted: 1900/3024
  expected-size/restricted: 1925/3024
  expected-size/restricted: 1950/3024
  expected-size/restricted: 1975/3024
  expected-size/restricted: 2000/3024
  expected-size/restricted: 2025/3024
  expected-size/restricted: 2050/3024
  expected-size/restricted: 2075/3024
  expected-size/restricted: 2100/3024
  expected-size/restricted: 2125/3024
  expected-size/restricted: 2150/3024
  expected-size/restricted: 2175/3024
  expected-size/restricted: 2200/3024
  expected-size/restricted: 2225/3024
  expected-size/restricted: 2250/3024
  expected-size/restricted: 2275/3024
  expected-size/restricted: 2300/3024
  expected-size/restricted: 2325/3024
  expected-size/restricted: 2350/3024
  expected-size/restricted: 2375/3024
  expected-size/restricted: 2400/3024
  expected-size/restricted: 2425/3024
  expected-size/restricted: 2450/3024
  expected-size/restricted: 2475/3024
  expected-size/restricted: 2500/3024
  expected-size/restricted: 2525/3024
  expected-size/restricted: 2550/3024
  expected-size/restricted: 2575/3024
  expected-size/restricted: 2600/3024
  expected-size/restricted: 2625/3024
  expected-size/restricted: 2650/3024
  expected-size/restricted: 2675/3024
  expected-size/restricted: 2700/3024
  expected-size/restricted: 2725/3024
  expected-size/restricted: 2750/3024
  expected-size/restricted: 2775/3024
  expected-size/restricted: 2800/3024
  expected-size/restricted: 2825/3024
  expected-size/restricted: 2850/3024
  expected-size/restricted: 2875/3024
  expected-size/restricted: 2900/3024
  expected-size/restricted: 2925/3024
  expected-size/restricted: 2950/3024
  expected-size/restricted: 2975/3024
  expected-size/restricted: 3000/3024
expected-size/restricted: mean 5.011, sample max 7, cold open 47.3s, 5772s total
  entropy/restricted: 25/3024
  entropy/restricted: 50/3024
  entropy/restricted: 75/3024
  entropy/restricted: 100/3024
  entropy/restricted: 125/3024
  entropy/restricted: 150/3024
  entropy/restricted: 175/3024
  entropy/restricted: 200/3024
  entropy/restricted: 225/3024
  entropy/restricted: 250/3024
  entropy/restricted: 275/3024
  entropy/restricted: 300/3024
  entropy/restricted: 325/3024
  entropy/restricted: 350/3024
  entropy/restricted: 375/3024
  entropy/restricted: 400/3024
  entropy/restricted: 425/3024
  entropy/restricted: 450/3024
  entropy/restricted: 475/3024
  entropy/restricted: 500/3024
  entropy/restricted: 525/3024
  entropy/restricted: 550/3024
  entropy/restricted: 575/3024
  entropy/restricted: 600/3024
  entropy/restricted: 625/3024
  entropy/restricted: 650/3024
  entropy/restricted: 675/3024
  entropy/restricted: 700/3024
  entropy/restricted: 725/3024
  entropy/restricted: 750/3024
  entropy/restricted: 775/3024
  entropy/restricted: 800/3024
  entropy/restricted: 825/3024
  entropy/restricted: 850/3024
  entropy/restricted: 875/3024
  entropy/restricted: 900/3024
  entropy/restricted: 925/3024
  entropy/restricted: 950/3024
