7 configurations x 3024 secrets, seed 20260805, 3024-code ruleset
  random/restricted/matrix: 25/3024
  random/restricted/matrix: 50/3024
  random/restricted/matrix: 75/3024
  random/restricted/matrix: 100/3024
  random/restricted/matrix: 125/3024
  random/restricted/matrix: 150/3024
  random/restricted/matrix: 175/3024
  random/restricted/matrix: 200/3024
  random/restricted/matrix: 225/3024
  random/restricted/matrix: 250/3024
  random/restricted/matrix: 275/3024
  random/restricted/matrix: 300/3024
  random/restricted/matrix: 325/3024
  random/restricted/matrix: 350/3024
  random/restricted/matrix: 375/3024
  random/restricted/matrix: 400/3024
  random/restricted/matrix: 425/3024
  random/restricted/matrix: 450/3024
  random/restricted/matrix: 475/3024
  random/restricted/matrix: 500/3024
  random/restricted/matrix: 525/3024
  random/restricted/matrix: 550/3024
  random/restricted/matrix: 575/3024
  random/restricted/matrix: 600/3024
  random/restricted/matrix: 625/3024
  random/restricted/matrix: 650/3024
  random/restricted/matrix: 675/3024
  random/restricted/matrix: 700/3024
  random/restricted/matrix: 725/3024
  random/restricted/matrix: 750/3024
  random/restricted/matrix: 775/3024
  random/restricted/matrix: 800/3024
  random/restricted/matrix: 825/3024
  random/restricted/matrix: 850/3024
  random/restricted/matrix: 875/3024
  random/restricted/matrix: 900/3024
  random/restricted/matrix: 925/3024
  random/restricted/matrix: 950/3024
  random/restricted/matrix: 975/3024
  random/restricted/matrix: 1000/3024
  random/restricted/matrix: 1025/3024
  random/restricted/matrix: 1050/3024
  random/restricted/matrix: 1075/3024
  random/restricted/matrix: 1100/3024
  random/restricted/matrix: 1125/3024
  random/restricted/matrix: 1150/3024
  random/restricted/matrix: 1175/3024
  random/restricted/matrix: 1200/3024
  random/restricted/matrix: 1225/3024
  random/restricted/matrix: 1250/3024
  random/restricted/matrix: 1275/3024
  random/restricted/matrix: 1300/3024
  random/restricted/matrix: 1325/3024
  random/restricted/matrix: 1350/3024
  random/restricted/matrix: 1375/3024
  random/restricted/matrix: 1400/3024
  random/restricted/matrix: 1425/3024
  random/restricted/matrix: 1450/3024
  random/restricted/matrix: 1475/3024
  random/restricted/matrix: 1500/3024
  random/restricted/matrix: 1525/3024
  random/restricted/matrix: 1550/3024
  random/restricted/matrix: 1575/3024
  random/restricted/matrix: 1600/3024
  random/restricted/matrix: 1625/3024
  random/restricted/matrix: 1650/3024
  random/restricted/matrix: 1675/3024
  random/restricted/matrix: 1700/3024
  random/restricted/matrix: 1725/3024
  random/restricted/matrix: 1750/3024
  random/restricted/matrix: 1775/3024
  random/restricted/matrix: 1800/3024
  random/restricted/matrix: 1825/3024
  random/restricted/matrix: 1850/3024
  random/restricted/matrix: 1875/3024
  random/restricted/matrix: 1900/3024
  random/restricted/matrix: 1925/3024
  random/restricted/matrix: 1950/3024
  random/restricted/matrix: 1975/3024
  random/restricted/matrix: 2000/3024
  random/restricted/matrix: 2025/3024
  random/restricted/matrix: 2050/3024
  random/restricted/matrix: 2075/3024
  random/restricted/matrix: 2100/3024
  random/restricted/matrix: 2125/3024
  random/restricted/matrix: 2150/3024
  random/restricted/matrix: 2175/3024
  random/restricted/matrix: 2200/3024
  random/restricted/matrix: 2225/3024
  random/restricted/matrix: 2250/3024
  random/restricted/matrix: 2275/3024
  random/restricted/matrix: 2300/3024
  random/restricted/matrix: 2325/3024
  random/restricted/matrix: 2350/3024
  random/restricted/matrix: 2375/3024
  random/restricted/matrix: 2400/3024
  random/restricted/matrix: 2425/3024
  random/restricted/matrix: 2450/3024
  random/restricted/matrix: 2475/3024
  random/restricted/matrix: 2500/3024
  random/restricted/matrix: 2525/3024
  random/restricted/matrix: 2550/3024
  random/restricted/matrix: 2575/3024
  random/restricted/matrix: 2600/3024
  random/restricted/matrix: 2625/3024
  random/restricted/matrix: 2650/3024
  random/restricted/matrix: 2675/3024
  random/restricted/matrix: 2700/3024
  random/restricted/matrix: 2725/3024
  random/restricted/matrix: 2750/3024
  random/restricted/matrix: 2775/3024
  random/restricted/matrix: 2800/3024
  random/restricted/matrix: 2825/3024
  random/restricted/matrix: 2850/3024
  random/restricted/matrix: 2875/3024
  random/restricted/matrix: 2900/3024
  random/restricted/matrix: 2925/3024
  random/restricted/matrix: 2950/3024
  random/restricted/matrix: 2975/3024
  random/restricted/matrix: 3000/3024
random/restricted/matrix: mean 5.161, worst 9, cold open 0.0s, 26s total
  minimax/restricted/matrix: 25/3024
  minimax/restricted/matrix: 50/3024
  minimax/restricted/matrix: 75/3024
  minimax/restricted/matrix: 100/3024
  minimax/restricted/matrix: 125/3024
  minimax/restricted/matrix: 150/3024
  minimax/restricted/matrix: 175/3024
  minimax/restricted/matrix: 200/3024
  minimax/restricted/matrix: 225/3024
  minimax/restricted/matrix: 250/3024
  minimax/restricted/matrix: 275/3024
  minimax/restricted/matrix: 300/3024
  minimax/restricted/matrix: 325/3024
  minimax/restricted/matrix: 350/3024
  minimax/restricted/matrix: 375/3024
  minimax/restricted/matrix: 400/3024
  minimax/restricted/matrix: 425/3024
  minimax/restricted/matrix: 450/3024
  minimax/restricted/matrix: 475/3024
  minimax/restricted/matrix: 500/3024
  minimax/restricted/matrix: 525/3024
  minimax/restricted/matrix: 550/3024
  minimax/restricted/matrix: 575/3024
  minimax/restricted/matrix: 600/3024
  minimax/restricted/matrix: 625/3024
  minimax/restricted/matrix: 650/3024
  minimax/restricted/matrix: 675/3024
  minimax/restricted/matrix: 700/3024
  minimax/restricted/matrix: 725/3024
  minimax/restricted/matrix: 750/3024
  minimax/restricted/matrix: 775/3024
  minimax/restricted/matrix: 800/3024
  minimax/restricted/matrix: 825/3024
  minimax/restricted/matrix: 850/3024
  minimax/restricted/matrix: 875/3024
  minimax/restricted/matrix: 900/3024
  minimax/restricted/matrix: 925/3024
  minimax/restricted/matrix: 950/3024
  minimax/restricted/matrix: 975/3024
  minimax/restricted/matrix: 1000/3024
  minimax/restricted/matrix: 1025/3024
  minimax/restricted/matrix: 1050/3024
  minimax/restricted/matrix: 1075/3024
  minimax/restricted/matrix: 1100/3024
  minimax/restricted/matrix: 1125/3024
  minimax/restricted/matrix: 1150/3024
  minimax/restricted/matrix: 1175/3024
  minimax/restricted/matrix: 1200/3024
  minimax/restricted/matrix: 1225/3024
  minimax/restricted/matrix: 1250/3024
  minimax/restricted/matrix: 1275/3024
  minimax/restricted/matrix: 1300/3024
  minimax/restricted/matrix: 1325/3024
  minimax/restricted/matrix: 1350/3024
  minimax/restricted/matrix: 1375/3024
  minimax/restricted/matrix: 1400/3024
  minimax/restricted/matrix: 1425/3024
  minimax/restricted/matrix: 1450/3024
  minimax/restricted/matrix: 1475/3024
  minimax/restricted/matrix: 1500/3024
  minimax/restricted/matrix: 1525/3024
  minimax/restricted/matrix: 1550/3024
  minimax/restricted/matrix: 1575/3024
  minimax/restricted/matrix: 1600/3024
  minimax/restricted/matrix: 1625/3024
  minimax/restricted/matrix: 1650/3024
  minimax/restricted/matrix: 1675/3024
  minimax/restricted/matrix: 1700/3024
  minimax/restricted/matrix: 1725/3024
  minimax/restricted/matrix: 1750/3024
  minimax/restricted/matrix: 1775/3024
  minimax/restricted/matrix: 1800/3024
  minimax/restricted/matrix: 1825/3024
  minimax/restricted/matrix: 1850/3024
  minimax/restricted/matrix: 1875/3024
  minimax/restricted/matrix: 1900/3024
  minimax/restricted/matrix: 1925/3024
  minimax/restricted/matrix: 1950/3024
  minimax/restricted/matrix: 1975/3024
  minimax/restricted/matrix: 2000/3024
  minimax/restricted/matrix: 2025/3024
  minimax/restricted/matrix: 2050/3024
  minimax/restricted/matrix: 2075/3024
  minimax/restricted/matrix: 2100/3024
  minimax/restricted/matrix: 2125/3024
  minimax/restricted/matrix: 2150/3024
  minimax/restricted/matrix: 2175/3024
  minimax/restricted/matrix: 2200/3024
  minimax/restricted/matrix: 2225/3024
  minimax/restricted/matrix: 2250/3024
  minimax/restricted/matrix: 2275/3024
  minimax/restricted/matrix: 2300/3024
  minimax/restricted/matrix: 2325/3024
  minimax/restricted/matrix: 2350/3024
  minimax/restricted/matrix: 2375/3024
  minimax/restricted/matrix: 2400/3024
  minimax/restricted/matrix: 2425/3024
  minimax/restricted/matrix: 2450/3024
  minimax/restricted/matrix: 2475/3024
  minimax/restricted/matrix: 2500/3024
  minimax/restricted/matrix: 2525/3024
  minimax/restricted/matrix: 2550/3024
  minimax/restricted/matrix: 2575/3024
  minimax/restricted/matrix: 2600/3024
  minimax/restricted/matrix: 2625/3024
  minimax/restricted/matrix: 2650/3024
  minimax/restricted/matrix: 2675/3024
  minimax/restricted/matrix: 2700/3024
  minimax/restricted/matrix: 2725/3024
  minimax/restricted/matrix: 2750/3024
  minimax/restricted/matrix: 2775/3024
  minimax/restricted/matrix: 2800/3024
  minimax/restricted/matrix: 2825/3024
  minimax/restricted/matrix: 2850/3024
  minimax/restricted/matrix: 2875/3024
  minimax/restricted/matrix: 2900/3024
  minimax/restricted/matrix: 2925/3024
  minimax/restricted/matrix: 2950/3024
  minimax/restricted/matrix: 2975/3024
  minimax/restricted/matrix: 3000/3024
minimax/restricted/matrix: mean 5.044, worst 7, cold open 0.1s, 37s total
  expected-size/restricted/matrix: 25/3024
  expected-size/restricted/matrix: 50/3024
  expected-size/restricted/matrix: 75/3024
  expected-size/restricted/matrix: 100/3024
  expected-size/restricted/matrix: 125/3024
  expected-size/restricted/matrix: 150/3024
  expected-size/restricted/matrix: 175/3024
  expected-size/restricted/matrix: 200/3024
  expected-size/restricted/matrix: 225/3024
  expected-size/restricted/matrix: 250/3024
  expected-size/restricted/matrix: 275/3024
  expected-size/restricted/matrix: 300/3024
  expected-size/restricted/matrix: 325/3024
  expected-size/restricted/matrix: 350/3024
  expected-size/restricted/matrix: 375/3024
  expected-size/restricted/matrix: 400/3024
  expected-size/restricted/matrix: 425/3024
  expected-size/restricted/matrix: 450/3024
  expected-size/restricted/matrix: 475/3024
  expected-size/restricted/matrix: 500/3024
  expected-size/restricted/matrix: 525/3024
  expected-size/restricted/matrix: 550/3024
  expected-size/restricted/matrix: 575/3024
  expected-size/restricted/matrix: 600/3024
  expected-size/restricted/matrix: 625/3024
  expected-size/restricted/matrix: 650/3024
  expected-size/restricted/matrix: 675/3024
  expected-size/restricted/matrix: 700/3024
  expected-size/restricted/matrix: 725/3024
  expected-size/restricted/matrix: 750/3024
  expected-size/restricted/matrix: 775/3024
  expected-size/restricted/matrix: 800/3024
  expected-size/restricted/matrix: 825/3024
  expected-size/restricted/matrix: 850/3024
  expected-size/restricted/matrix: 875/3024
  expected-size/restricted/matrix: 900/3024
  expected-size/restricted/matrix: 925/3024
  expected-size/restricted/matrix: 950/3024
  expected-size/restricted/matrix: 975/3024
  expected-size/restricted/matrix: 1000/3024
  expected-size/restricted/matrix: 1025/3024
  expected-size/restricted/matrix: 1050/3024
  expected-size/restricted/matrix: 1075/3024
  expected-size/restricted/matrix: 1100/3024
  expected-size/restricted/matrix: 1125/3024
  expected-size/restricted/matrix: 1150/3024
  expected-size/restricted/matrix: 1175/3024
  expected-size/restricted/matrix: 1200/3024
  expected-size/restricted/matrix: 1225/3024
  expected-size/restricted/matrix: 1250/3024
  expected-size/restricted/matrix: 1275/3024
  expected-size/restricted/matrix: 1300/3024
  expected-size/restricted/matrix: 1325/3024
  expected-size/restricted/matrix: 1350/3024
  expected-size/restricted/matrix: 1375/3024
  expected-size/restricted/matrix: 1400/3024
  expected-size/restricted/matrix: 1425/3024
  expected-size/restricted/matrix: 1450/3024
  expected-size/restricted/matrix: 1475/3024
  expected-size/restricted/matrix: 1500/3024
  expected-size/restricted/matrix: 1525/3024
  expected-size/restricted/matrix: 1550/3024
  expected-size/restricted/matrix: 1575/3024
  expected-size/restricted/matrix: 1600/3024
  expected-size/restricted/matrix: 1625/3024
  expected-size/restricted/matrix: 1650/3024
  expected-size/restricted/matrix: 1675/3024
  expected-size/restricted/matrix: 1700/3024
  expected-size/restricted/matrix: 1725/3024
  expected-size/restricted/matrix: 1750/3024
  expected-size/restricted/matrix: 1775/3024
  expected-size/restricted/matrix: 1800/3024
  expected-size/restricted/matrix: 1825/3024
  expected-size/restricted/matrix: 1850/3024
  expected-size/restricted/matrix: 1875/3024
  expected-size/restricted/matrix: 1900/3024
  expected-size/restricted/matrix: 1925/3024
  expected-size/restricted/matrix: 1950/3024
  expected-size/restricted/matrix: 1975/3024
  expected-size/restricted/matrix: 2000/3024
  expected-size/restricted/matrix: 2025/3024
  expected-size/restricted/matrix: 2050/3024
  expected-size/restricted/matrix: 2075/3024
  expected-size/restricted/matrix: 2100/3024
  expected-size/restricted/matrix: 2125/3024
  expected-size/restricted/matrix: 2150/3024
  expected-size/restricted/matrix: 2175/3024
  expected-size/restricted/matrix: 2200/3024
  expected-size/restricted/matrix: 2225/3024
  expected-size/restricted/matrix: 2250/3024
  expected-size/restricted/matrix: 2275/3024
  expected-size/restricted/matrix: 2300/3024
  expected-size/restricted/matrix: 2325/3024
  expected-size/restricted/matrix: 2350/3024
  expected-size/restricted/matrix: 2375/3024
  expected-size/restricted/matrix: 2400/3024
  expected-size/restricted/matrix: 2425/3024
  expected-size/restricted/matrix: 2450/3024
  expected-size/restricted/matrix: 2475/3024
  expected-size/restricted/matrix: 2500/3024
  expected-size/restricted/matrix: 2525/3024
  expected-size/restricted/matrix: 2550/3024
  expected-size/restricted/matrix: 2575/3024
  expected-size/restricted/matrix: 2600/3024
  expected-size/restricted/matrix: 2625/3024
  expected-size/restricted/matrix: 2650/3024
  expected-size/restricted/matrix: 2675/3024
  expected-size/restricted/matrix: 2700/3024
  expected-size/restricted/matrix: 2725/3024
  expected-size/restricted/matrix: 2750/3024
  expected-size/restricted/matrix: 2775/3024
  expected-size/restricted/matrix: 2800/3024
  expected-size/restricted/matrix: 2825/3024
  expected-size/restricted/matrix: 2850/3024
  expected-size/restricted/matrix: 2875/3024
  expected-size/restricted/matrix: 2900/3024
  expected-size/restricted/matrix: 2925/3024
  expected-size/restricted/matrix: 2950/3024
  expected-size/restricted/matrix: 2975/3024
  expected-size/restricted/matrix: 3000/3024
expected-size/restricted/matrix: mean 5.011, worst 7, cold open 0.1s, 39s total
  entropy/restricted/matrix: 25/3024
  entropy/restricted/matrix: 50/3024
  entropy/restricted/matrix: 75/3024
  entropy/restricted/matrix: 100/3024
  entropy/restricted/matrix: 125/3024
  entropy/restricted/matrix: 150/3024
  entropy/restricted/matrix: 175/3024
  entropy/restricted/matrix: 200/3024
  entropy/restricted/matrix: 225/3024
  entropy/restricted/matrix: 250/3024
  entropy/restricted/matrix: 275/3024
  entropy/restricted/matrix: 300/3024
  entropy/restricted/matrix: 325/3024
  entropy/restricted/matrix: 350/3024
  entropy/restricted/matrix: 375/3024
  entropy/restricted/matrix: 400/3024
  entropy/restricted/matrix: 425/3024
  entropy/restricted/matrix: 450/3024
  entropy/restricted/matrix: 475/3024
  entropy/restricted/matrix: 500/3024
  entropy/restricted/matrix: 525/3024
  entropy/restricted/matrix: 550/3024
  entropy/restricted/matrix: 575/3024
  entropy/restricted/matrix: 600/3024
  entropy/restricted/matrix: 625/3024
  entropy/restricted/matrix: 650/3024
  entropy/restricted/matrix: 675/3024
  entropy/restricted/matrix: 700/3024
  entropy/restricted/matrix: 725/3024
  entropy/restricted/matrix: 750/3024
  entropy/restricted/matrix: 775/3024
  entropy/restricted/matrix: 800/3024
  entropy/restricted/matrix: 825/3024
  entropy/restricted/matrix: 850/3024
  entropy/restricted/matrix: 875/3024
  entropy/restricted/matrix: 900/3024
  entropy/restricted/matrix: 925/3024
  entropy/restricted/matrix: 950/3024
  entropy/restricted/matrix: 975/3024
  entropy/restricted/matrix: 1000/3024
  entropy/restricted/matrix: 1025/3024
  entropy/restricted/matrix: 1050/3024
  entropy/restricted/matrix: 1075/3024
  entropy/restricted/matrix: 1100/3024
  entropy/restricted/matrix: 1125/3024
  entropy/restricted/matrix: 1150/3024
  entropy/restricted/matrix: 1175/3024
  entropy/restricted/matrix: 1200/3024
  entropy/restricted/matrix: 1225/3024
  entropy/restricted/matrix: 1250/3024
  entropy/restricted/matrix: 1275/3024
  entropy/restricted/matrix: 1300/3024
  entropy/restricted/matrix: 1325/3024
  entropy/restricted/matrix: 1350/3024
  entropy/restricted/matrix: 1375/3024
  entropy/restricted/matrix: 1400/3024
  entropy/restricted/matrix: 1425/3024
  entropy/restricted/matrix: 1450/3024
  entropy/restricted/matrix: 1475/3024
  entropy/restricted/matrix: 1500/3024
  entropy/restricted/matrix: 1525/3024
  entropy/restricted/matrix: 1550/3024
  entropy/restricted/matrix: 1575/3024
  entropy/restricted/matrix: 1600/3024
  entropy/restricted/matrix: 1625/3024
  entropy/restricted/matrix: 1650/3024
  entropy/restricted/matrix: 1675/3024
  entropy/restricted/matrix: 1700/3024
  entropy/restricted/matrix: 1725/3024
  entropy/restricted/matrix: 1750/3024
  entropy/restricted/matrix: 1775/3024
  entropy/restricted/matrix: 1800/3024
  entropy/restricted/matrix: 1825/3024
  entropy/restricted/matrix: 1850/3024
  entropy/restricted/matrix: 1875/3024
  entropy/restricted/matrix: 1900/3024
  entropy/restricted/matrix: 1925/3024
  entropy/restricted/matrix: 1950/3024
  entropy/restricted/matrix: 1975/3024
  entropy/restricted/matrix: 2000/3024
  entropy/restricted/matrix: 2025/3024
  entropy/restricted/matrix: 2050/3024
  entropy/restricted/matrix: 2075/3024
  entropy/restricted/matrix: 2100/3024
  entropy/restricted/matrix: 2125/3024
  entropy/restricted/matrix: 2150/3024
  entropy/restricted/matrix: 2175/3024
  entropy/restricted/matrix: 2200/3024
  entropy/restricted/matrix: 2225/3024
  entropy/restricted/matrix: 2250/3024
  entropy/restricted/matrix: 2275/3024
  entropy/restricted/matrix: 2300/3024
  entropy/restricted/matrix: 2325/3024
  entropy/restricted/matrix: 2350/3024
  entropy/restricted/matrix: 2375/3024
  entropy/restricted/matrix: 2400/3024
  entropy/restricted/matrix: 2425/3024
  entropy/restricted/matrix: 2450/3024
  entropy/restricted/matrix: 2475/3024
  entropy/restricted/matrix: 2500/3024
  entropy/restricted/matrix: 2525/3024
  entropy/restricted/matrix: 2550/3024
  entropy/restricted/matrix: 2575/3024
  entropy/restricted/matrix: 2600/3024
  entropy/restricted/matrix: 2625/3024
  entropy/restricted/matrix: 2650/3024
  entropy/restricted/matrix: 2675/3024
  entropy/restricted/matrix: 2700/3024
  entropy/restricted/matrix: 2725/3024
  entropy/restricted/matrix: 2750/3024
  entropy/restricted/matrix: 2775/3024
  entropy/restricted/matrix: 2800/3024
  entropy/restricted/matrix: 2825/3024
  entropy/restricted/matrix: 2850/3024
  entropy/restricted/matrix: 2875/3024
  entropy/restricted/matrix: 2900/3024
  entropy/restricted/matrix: 2925/3024
  entropy/restricted/matrix: 2950/3024
  entropy/restricted/matrix: 2975/3024
  entropy/restricted/matrix: 3000/3024
entropy/restricted/matrix: mean 5.008, worst 7, cold open 0.1s, 50s total
  minimax/unrestricted/matrix: 25/3024
  minimax/unrestricted/matrix: 50/3024
  minimax/unrestricted/matrix: 75/3024
  minimax/unrestricted/matrix: 100/3024
  minimax/unrestricted/matrix: 125/3024
  minimax/unrestricted/matrix: 150/3024
  minimax/unrestricted/matrix: 175/3024
  minimax/unrestricted/matrix: 200/3024
  minimax/unrestricted/matrix: 225/3024
  minimax/unrestricted/matrix: 250/3024
  minimax/unrestricted/matrix: 275/3024
  minimax/unrestricted/matrix: 300/3024
  minimax/unrestricted/matrix: 325/3024
  minimax/unrestricted/matrix: 350/3024
  minimax/unrestricted/matrix: 375/3024
  minimax/unrestricted/matrix: 400/3024
  minimax/unrestricted/matrix: 425/3024
  minimax/unrestricted/matrix: 450/3024
  minimax/unrestricted/matrix: 475/3024
  minimax/unrestricted/matrix: 500/3024
  minimax/unrestricted/matrix: 525/3024
  minimax/unrestricted/matrix: 550/3024
  minimax/unrestricted/matrix: 575/3024
  minimax/unrestricted/matrix: 600/3024
  minimax/unrestricted/matrix: 625/3024
  minimax/unrestricted/matrix: 650/3024
  minimax/unrestricted/matrix: 675/3024
  minimax/unrestricted/matrix: 700/3024
  minimax/unrestricted/matrix: 725/3024
  minimax/unrestricted/matrix: 750/3024
  minimax/unrestricted/matrix: 775/3024
  minimax/unrestricted/matrix: 800/3024
  minimax/unrestricted/matrix: 825/3024
  minimax/unrestricted/matrix: 850/3024
  minimax/unrestricted/matrix: 875/3024
  minimax/unrestricted/matrix: 900/3024
  minimax/unrestricted/matrix: 925/3024
  minimax/unrestricted/matrix: 950/3024
  minimax/unrestricted/matrix: 975/3024
  minimax/unrestricted/matrix: 1000/3024
  minimax/unrestricted/matrix: 1025/3024
  minimax/unrestricted/matrix: 1050/3024
  minimax/unrestricted/matrix: 1075/3024
  minimax/unrestricted/matrix: 1100/3024
  minimax/unrestricted/matrix: 1125/3024
  minimax/unrestricted/matrix: 1150/3024
  minimax/unrestricted/matrix: 1175/3024
  minimax/unrestricted/matrix: 1200/3024
  minimax/unrestricted/matrix: 1225/3024
  minimax/unrestricted/matrix: 1250/3024
  minimax/unrestricted/matrix: 1275/3024
  minimax/unrestricted/matrix: 1300/3024
  minimax/unrestricted/matrix: 1325/3024
  minimax/unrestricted/matrix: 1350/3024
  minimax/unrestricted/matrix: 1375/3024
  minimax/unrestricted/matrix: 1400/3024
  minimax/unrestricted/matrix: 1425/3024
  minimax/unrestricted/matrix: 1450/3024
  minimax/unrestricted/matrix: 1475/3024
  minimax/unrestricted/matrix: 1500/3024
  minimax/unrestricted/matrix: 1525/3024
  minimax/unrestricted/matrix: 1550/3024
  minimax/unrestricted/matrix: 1575/3024
  minimax/unrestricted/matrix: 1600/3024
  minimax/unrestricted/matrix: 1625/3024
  minimax/unrestricted/matrix: 1650/3024
  minimax/unrestricted/matrix: 1675/3024
  minimax/unrestricted/matrix: 1700/3024
  minimax/unrestricted/matrix: 1725/3024
  minimax/unrestricted/matrix: 1750/3024
  minimax/unrestricted/matrix: 1775/3024
  minimax/unrestricted/matrix: 1800/3024
  minimax/unrestricted/matrix: 1825/3024
  minimax/unrestricted/matrix: 1850/3024
  minimax/unrestricted/matrix: 1875/3024
  minimax/unrestricted/matrix: 1900/3024
  minimax/unrestricted/matrix: 1925/3024
  minimax/unrestricted/matrix: 1950/3024
  minimax/unrestricted/matrix: 1975/3024
  minimax/unrestricted/matrix: 2000/3024
  minimax/unrestricted/matrix: 2025/3024
  minimax/unrestricted/matrix: 2050/3024
  minimax/unrestricted/matrix: 2075/3024
  minimax/unrestricted/matrix: 2100/3024
  minimax/unrestricted/matrix: 2125/3024
  minimax/unrestricted/matrix: 2150/3024
  minimax/unrestricted/matrix: 2175/3024
  minimax/unrestricted/matrix: 2200/3024
  minimax/unrestricted/matrix: 2225/3024
  minimax/unrestricted/matrix: 2250/3024
  minimax/unrestricted/matrix: 2275/3024
  minimax/unrestricted/matrix: 2300/3024
  minimax/unrestricted/matrix: 2325/3024
  minimax/unrestricted/matrix: 2350/3024
  minimax/unrestricted/matrix: 2375/3024
  minimax/unrestricted/matrix: 2400/3024
  minimax/unrestricted/matrix: 2425/3024
  minimax/unrestricted/matrix: 2450/3024
  minimax/unrestricted/matrix: 2475/3024
  minimax/unrestricted/matrix: 2500/3024
  minimax/unrestricted/matrix: 2525/3024
  minimax/unrestricted/matrix: 2550/3024
  minimax/unrestricted/matrix: 2575/3024
  minimax/unrestricted/matrix: 2600/3024
  minimax/unrestricted/matrix: 2625/3024
  minimax/unrestricted/matrix: 2650/3024
  minimax/unrestricted/matrix: 2675/3024
  minimax/unrestricted/matrix: 2700/3024
  minimax/unrestricted/matrix: 2725/3024
  minimax/unrestricted/matrix: 2750/3024
  minimax/unrestricted/matrix: 2775/3024
  minimax/unrestricted/matrix: 2800/3024
  minimax/unrestricted/matrix: 2825/3024
  minimax/unrestricted/matrix: 2850/3024
  minimax/unrestricted/matrix: 2875/3024
  minimax/unrestricted/matrix: 2900/3024
  minimax/unrestricted/matrix: 2925/3024
  minimax/unrestricted/matrix: 2950/3024
  minimax/unrestricted/matrix: 2975/3024
  minimax/unrestricted/matrix: 3000/3024
minimax/unrestricted/matrix: mean 5.063, worst 7, cold open 0.1s, 511s total
  expected-size/unrestricted/matrix: 25/3024
  expected-size/unrestricted/matrix: 50/3024
  expected-size/unrestricted/matrix: 75/3024
  expected-size/unrestricted/matrix: 100/3024
  expected-size/unrestricted/matrix: 125/3024
  expected-size/unrestricted/matrix: 150/3024
  expected-size/unrestricted/matrix: 175/3024
  expected-size/unrestricted/matrix: 200/3024
  expected-size/unrestricted/matrix: 225/3024
  expected-size/unrestricted/matrix: 250/3024
  expected-size/unrestricted/matrix: 275/3024
  expected-size/unrestricted/matrix: 300/3024
  expected-size/unrestricted/matrix: 325/3024
  expected-size/unrestricted/matrix: 350/3024
  expected-size/unrestricted/matrix: 375/3024
  expected-size/unrestricted/matrix: 400/3024
  expected-size/unrestricted/matrix: 425/3024
  expected-size/unrestricted/matrix: 450/3024
  expected-size/unrestricted/matrix: 475/3024
  expected-size/unrestricted/matrix: 500/3024
  expected-size/unrestricted/matrix: 525/3024
  expected-size/unrestricted/matrix: 550/3024
  expected-size/unrestricted/matrix: 575/3024
  expected-size/unrestricted/matrix: 600/3024
  expected-size/unrestricted/matrix: 625/3024
  expected-size/unrestricted/matrix: 650/3024
  expected-size/unrestricted/matrix: 675/3024
  expected-size/unrestricted/matrix: 700/3024
  expected-size/unrestricted/matrix: 725/3024
  expected-size/unrestricted/matrix: 750/3024
  expected-size/unrestricted/matrix: 775/3024
  expected-size/unrestricted/matrix: 800/3024
  expected-size/unrestricted/matrix: 825/3024
  expected-size/unrestricted/matrix: 850/3024
  expected-size/unrestricted/matrix: 875/3024
  expected-size/unrestricted/matrix: 900/3024
  expected-size/unrestricted/matrix: 925/3024
  expected-size/unrestricted/matrix: 950/3024
  expected-size/unrestricted/matrix: 975/3024
  expected-size/unrestricted/matrix: 1000/3024
  expected-size/unrestricted/matrix: 1025/3024
  expected-size/unrestricted/matrix: 1050/3024
  expected-size/unrestricted/matrix: 1075/3024
  expected-size/unrestricted/matrix: 1100/3024
  expected-size/unrestricted/matrix: 1125/3024
  expected-size/unrestricted/matrix: 1150/3024
  expected-size/unrestricted/matrix: 1175/3024
  expected-size/unrestricted/matrix: 1200/3024
  expected-size/unrestricted/matrix: 1225/3024
  expected-size/unrestricted/matrix: 1250/3024
  expected-size/unrestricted/matrix: 1275/3024
  expected-size/unrestricted/matrix: 1300/3024
  expected-size/unrestricted/matrix: 1325/3024
  expected-size/unrestricted/matrix: 1350/3024
  expected-size/unrestricted/matrix: 1375/3024
  expected-size/unrestricted/matrix: 1400/3024
  expected-size/unrestricted/matrix: 1425/3024
  expected-size/unrestricted/matrix: 1450/3024
  expected-size/unrestricted/matrix: 1475/3024
  expected-size/unrestricted/matrix: 1500/3024
  expected-size/unrestricted/matrix: 1525/3024
  expected-size/unrestricted/matrix: 1550/3024
  expected-size/unrestricted/matrix: 1575/3024
  expected-size/unrestricted/matrix: 1600/3024
  expected-size/unrestricted/matrix: 1625/3024
  expected-size/unrestricted/matrix: 1650/3024
  expected-size/unrestricted/matrix: 1675/3024
  expected-size/unrestricted/matrix: 1700/3024
  expected-size/unrestricted/matrix: 1725/3024
  expected-size/unrestricted/matrix: 1750/3024
  expected-size/unrestricted/matrix: 1775/3024
  expected-size/unrestricted/matrix: 1800/3024
  expected-size/unrestricted/matrix: 1825/3024
  expected-size/unrestricted/matrix: 1850/3024
  expected-size/unrestricted/matrix: 1875/3024
  expected-size/unrestricted/matrix: 1900/3024
  expected-size/unrestricted/matrix: 1925/3024
  expected-size/unrestricted/matrix: 1950/3024
  expected-size/unrestricted/matrix: 1975/3024
  expected-size/unrestricted/matrix: 2000/3024
  expected-size/unrestricted/matrix: 2025/3024
  expected-size/unrestricted/matrix: 2050/3024
  expected-size/unrestricted/matrix: 2075/3024
  expected-size/unrestricted/matrix: 2100/3024
  expected-size/unrestricted/matrix: 2125/3024
  expected-size/unrestricted/matrix: 2150/3024
  expected-size/unrestricted/matrix: 2175/3024
  expected-size/unrestricted/matrix: 2200/3024
  expected-size/unrestricted/matrix: 2225/3024
  expected-size/unrestricted/matrix: 2250/3024
  expected-size/unrestricted/matrix: 2275/3024
  expected-size/unrestricted/matrix: 2300/3024
  expected-size/unrestricted/matrix: 2325/3024
  expected-size/unrestricted/matrix: 2350/3024
  expected-size/unrestricted/matrix: 2375/3024
  expected-size/unrestricted/matrix: 2400/3024
  expected-size/unrestricted/matrix: 2425/3024
  expected-size/unrestricted/matrix: 2450/3024
  expected-size/unrestricted/matrix: 2475/3024
  expected-size/unrestricted/matrix: 2500/3024
  expected-size/unrestricted/matrix: 2525/3024
  expected-size/unrestricted/matrix: 2550/3024
  expected-size/unrestricted/matrix: 2575/3024
  expected-size/unrestricted/matrix: 2600/3024
  expected-size/unrestricted/matrix: 2625/3024
  expected-size/unrestricted/matrix: 2650/3024
  expected-size/unrestricted/matrix: 2675/3024
  expected-size/unrestricted/matrix: 2700/3024
  expected-size/unrestricted/matrix: 2725/3024
  expected-size/unrestricted/matrix: 2750/3024
  expected-size/unrestricted/matrix: 2775/3024
  expected-size/unrestricted/matrix: 2800/3024
  expected-size/unrestricted/matrix: 2825/3024
  expected-size/unrestricted/matrix: 2850/3024
  expected-size/unrestricted/matrix: 2875/3024
  expected-size/unrestricted/matrix: 2900/3024
  expected-size/unrestricted/matrix: 2925/3024
  expected-size/unrestricted/matrix: 2950/3024
  expected-size/unrestricted/matrix: 2975/3024
  expected-size/unrestricted/matrix: 3000/3024
expected-size/unrestricted/matrix: mean 4.970, worst 7, cold open 0.1s, 549s total
  entropy/unrestricted/matrix: 25/3024
  entropy/unrestricted/matrix: 50/3024
  entropy/unrestricted/matrix: 75/3024
  entropy/unrestricted/matrix: 100/3024
  entropy/unrestricted/matrix: 125/3024
  entropy/unrestricted/matrix: 150/3024
  entropy/unrestricted/matrix: 175/3024
  entropy/unrestricted/matrix: 200/3024
  entropy/unrestricted/matrix: 225/3024
  entropy/unrestricted/matrix: 250/3024
  entropy/unrestricted/matrix: 275/3024
  entropy/unrestricted/matrix: 300/3024
  entropy/unrestricted/matrix: 325/3024
  entropy/unrestricted/matrix: 350/3024
  entropy/unrestricted/matrix: 375/3024
  entropy/unrestricted/matrix: 400/3024
  entropy/unrestricted/matrix: 425/3024
  entropy/unrestricted/matrix: 450/3024
  entropy/unrestricted/matrix: 475/3024
  entropy/unrestricted/matrix: 500/3024
  entropy/unrestricted/matrix: 525/3024
  entropy/unrestricted/matrix: 550/3024
  entropy/unrestricted/matrix: 575/3024
  entropy/unrestricted/matrix: 600/3024
  entropy/unrestricted/matrix: 625/3024
  entropy/unrestricted/matrix: 650/3024
  entropy/unrestricted/matrix: 675/3024
  entropy/unrestricted/matrix: 700/3024
  entropy/unrestricted/matrix: 725/3024
  entropy/unrestricted/matrix: 750/3024
  entropy/unrestricted/matrix: 775/3024
  entropy/unrestricted/matrix: 800/3024
  entropy/unrestricted/matrix: 825/3024
  entropy/unrestricted/matrix: 850/3024
  entropy/unrestricted/matrix: 875/3024
  entropy/unrestricted/matrix: 900/3024
  entropy/unrestricted/matrix: 925/3024
  entropy/unrestricted/matrix: 950/3024
  entropy/unrestricted/matrix: 975/3024
  entropy/unrestricted/matrix: 1000/3024
  entropy/unrestricted/matrix: 1025/3024
  entropy/unrestricted/matrix: 1050/3024
  entropy/unrestricted/matrix: 1075/3024
  entropy/unrestricted/matrix: 1100/3024
  entropy/unrestricted/matrix: 1125/3024
  entropy/unrestricted/matrix: 1150/3024
  entropy/unrestricted/matrix: 1175/3024
  entropy/unrestricted/matrix: 1200/3024
  entropy/unrestricted/matrix: 1225/3024
  entropy/unrestricted/matrix: 1250/3024
  entropy/unrestricted/matrix: 1275/3024
  entropy/unrestricted/matrix: 1300/3024
  entropy/unrestricted/matrix: 1325/3024
  entropy/unrestricted/matrix: 1350/3024
  entropy/unrestricted/matrix: 1375/3024
  entropy/unrestricted/matrix: 1400/3024
  entropy/unrestricted/matrix: 1425/3024
  entropy/unrestricted/matrix: 1450/3024
  entropy/unrestricted/matrix: 1475/3024
  entropy/unrestricted/matrix: 1500/3024
  entropy/unrestricted/matrix: 1525/3024
  entropy/unrestricted/matrix: 1550/3024
  entropy/unrestricted/matrix: 1575/3024
  entropy/unrestricted/matrix: 1600/3024
  entropy/unrestricted/matrix: 1625/3024
  entropy/unrestricted/matrix: 1650/3024
  entropy/unrestricted/matrix: 1675/3024
  entropy/unrestricted/matrix: 1700/3024
  entropy/unrestricted/matrix: 1725/3024
  entropy/unrestricted/matrix: 1750/3024
  entropy/unrestricted/matrix: 1775/3024
  entropy/unrestricted/matrix: 1800/3024
  entropy/unrestricted/matrix: 1825/3024
  entropy/unrestricted/matrix: 1850/3024
  entropy/unrestricted/matrix: 1875/3024
  entropy/unrestricted/matrix: 1900/3024
  entropy/unrestricted/matrix: 1925/3024
  entropy/unrestricted/matrix: 1950/3024
  entropy/unrestricted/matrix: 1975/3024
  entropy/unrestricted/matrix: 2000/3024
  entropy/unrestricted/matrix: 2025/3024
  entropy/unrestricted/matrix: 2050/3024
  entropy/unrestricted/matrix: 2075/3024
  entropy/unrestricted/matrix: 2100/3024
  entropy/unrestricted/matrix: 2125/3024
  entropy/unrestricted/matrix: 2150/3024
  entropy/unrestricted/matrix: 2175/3024
  entropy/unrestricted/matrix: 2200/3024
  entropy/unrestricted/matrix: 2225/3024
  entropy/unrestricted/matrix: 2250/3024
  entropy/unrestricted/matrix: 2275/3024
  entropy/unrestricted/matrix: 2300/3024
  entropy/unrestricted/matrix: 2325/3024
  entropy/unrestricted/matrix: 2350/3024
  entropy/unrestricted/matrix: 2375/3024
  entropy/unrestricted/matrix: 2400/3024
  entropy/unrestricted/matrix: 2425/3024
  entropy/unrestricted/matrix: 2450/3024
  entropy/unrestricted/matrix: 2475/3024
  entropy/unrestricted/matrix: 2500/3024
  entropy/unrestricted/matrix: 2525/3024
  entropy/unrestricted/matrix: 2550/3024
  entropy/unrestricted/matrix: 2575/3024
  entropy/unrestricted/matrix: 2600/3024
  entropy/unrestricted/matrix: 2625/3024
  entropy/unrestricted/matrix: 2650/3024
  entropy/unrestricted/matrix: 2675/3024
  entropy/unrestricted/matrix: 2700/3024
  entropy/unrestricted/matrix: 2725/3024
  entropy/unrestricted/matrix: 2750/3024
  entropy/unrestricted/matrix: 2775/3024
  entropy/unrestricted/matrix: 2800/3024
  entropy/unrestricted/matrix: 2825/3024
  entropy/unrestricted/matrix: 2850/3024
  entropy/unrestricted/matrix: 2875/3024
  entropy/unrestricted/matrix: 2900/3024
  entropy/unrestricted/matrix: 2925/3024
  entropy/unrestricted/matrix: 2950/3024
  entropy/unrestricted/matrix: 2975/3024
  entropy/unrestricted/matrix: 3000/3024
entropy/unrestricted/matrix: mean 4.962, worst 7, cold open 0.1s, 601s total
wrote docs/benchmarks/full-matrix/README.md
wrote docs/benchmarks/full-matrix/guess-distribution.png
wrote docs/benchmarks/full-matrix/candidate-collapse.png
wrote docs/benchmarks/full-matrix/paired-difference.png
wrote docs/benchmarks/full-matrix/mean-vs-floor.png
done in 30.2 min
