4 configurations x 5040 secrets, seed 20260805, 5040-code ruleset
  random/restricted/matrix: 25/5040
  random/restricted/matrix: 50/5040
  random/restricted/matrix: 75/5040
  random/restricted/matrix: 100/5040
  random/restricted/matrix: 125/5040
  random/restricted/matrix: 150/5040
  random/restricted/matrix: 175/5040
  random/restricted/matrix: 200/5040
  random/restricted/matrix: 225/5040
  random/restricted/matrix: 250/5040
  random/restricted/matrix: 275/5040
  random/restricted/matrix: 300/5040
  random/restricted/matrix: 325/5040
  random/restricted/matrix: 350/5040
  random/restricted/matrix: 375/5040
  random/restricted/matrix: 400/5040
  random/restricted/matrix: 425/5040
  random/restricted/matrix: 450/5040
  random/restricted/matrix: 475/5040
  random/restricted/matrix: 500/5040
  random/restricted/matrix: 525/5040
  random/restricted/matrix: 550/5040
  random/restricted/matrix: 575/5040
  random/restricted/matrix: 600/5040
  random/restricted/matrix: 625/5040
  random/restricted/matrix: 650/5040
  random/restricted/matrix: 675/5040
  random/restricted/matrix: 700/5040
  random/restricted/matrix: 725/5040
  random/restricted/matrix: 750/5040
  random/restricted/matrix: 775/5040
  random/restricted/matrix: 800/5040
  random/restricted/matrix: 825/5040
  random/restricted/matrix: 850/5040
  random/restricted/matrix: 875/5040
  random/restricted/matrix: 900/5040
  random/restricted/matrix: 925/5040
  random/restricted/matrix: 950/5040
  random/restricted/matrix: 975/5040
  random/restricted/matrix: 1000/5040
  random/restricted/matrix: 1025/5040
  random/restricted/matrix: 1050/5040
  random/restricted/matrix: 1075/5040
  random/restricted/matrix: 1100/5040
  random/restricted/matrix: 1125/5040
  random/restricted/matrix: 1150/5040
  random/restricted/matrix: 1175/5040
  random/restricted/matrix: 1200/5040
  random/restricted/matrix: 1225/5040
  random/restricted/matrix: 1250/5040
  random/restricted/matrix: 1275/5040
  random/restricted/matrix: 1300/5040
  random/restricted/matrix: 1325/5040
  random/restricted/matrix: 1350/5040
  random/restricted/matrix: 1375/5040
  random/restricted/matrix: 1400/5040
  random/restricted/matrix: 1425/5040
  random/restricted/matrix: 1450/5040
  random/restricted/matrix: 1475/5040
  random/restricted/matrix: 1500/5040
  random/restricted/matrix: 1525/5040
  random/restricted/matrix: 1550/5040
  random/restricted/matrix: 1575/5040
  random/restricted/matrix: 1600/5040
  random/restricted/matrix: 1625/5040
  random/restricted/matrix: 1650/5040
  random/restricted/matrix: 1675/5040
  random/restricted/matrix: 1700/5040
  random/restricted/matrix: 1725/5040
  random/restricted/matrix: 1750/5040
  random/restricted/matrix: 1775/5040
  random/restricted/matrix: 1800/5040
  random/restricted/matrix: 1825/5040
  random/restricted/matrix: 1850/5040
  random/restricted/matrix: 1875/5040
  random/restricted/matrix: 1900/5040
  random/restricted/matrix: 1925/5040
  random/restricted/matrix: 1950/5040
  random/restricted/matrix: 1975/5040
  random/restricted/matrix: 2000/5040
  random/restricted/matrix: 2025/5040
  random/restricted/matrix: 2050/5040
  random/restricted/matrix: 2075/5040
  random/restricted/matrix: 2100/5040
  random/restricted/matrix: 2125/5040
  random/restricted/matrix: 2150/5040
  random/restricted/matrix: 2175/5040
  random/restricted/matrix: 2200/5040
  random/restricted/matrix: 2225/5040
  random/restricted/matrix: 2250/5040
  random/restricted/matrix: 2275/5040
  random/restricted/matrix: 2300/5040
  random/restricted/matrix: 2325/5040
  random/restricted/matrix: 2350/5040
  random/restricted/matrix: 2375/5040
  random/restricted/matrix: 2400/5040
  random/restricted/matrix: 2425/5040
  random/restricted/matrix: 2450/5040
  random/restricted/matrix: 2475/5040
  random/restricted/matrix: 2500/5040
  random/restricted/matrix: 2525/5040
  random/restricted/matrix: 2550/5040
  random/restricted/matrix: 2575/5040
  random/restricted/matrix: 2600/5040
  random/restricted/matrix: 2625/5040
  random/restricted/matrix: 2650/5040
  random/restricted/matrix: 2675/5040
  random/restricted/matrix: 2700/5040
  random/restricted/matrix: 2725/5040
  random/restricted/matrix: 2750/5040
  random/restricted/matrix: 2775/5040
  random/restricted/matrix: 2800/5040
  random/restricted/matrix: 2825/5040
  random/restricted/matrix: 2850/5040
  random/restricted/matrix: 2875/5040
  random/restricted/matrix: 2900/5040
  random/restricted/matrix: 2925/5040
  random/restricted/matrix: 2950/5040
  random/restricted/matrix: 2975/5040
  random/restricted/matrix: 3000/5040
  random/restricted/matrix: 3025/5040
  random/restricted/matrix: 3050/5040
  random/restricted/matrix: 3075/5040
  random/restricted/matrix: 3100/5040
  random/restricted/matrix: 3125/5040
  random/restricted/matrix: 3150/5040
  random/restricted/matrix: 3175/5040
  random/restricted/matrix: 3200/5040
  random/restricted/matrix: 3225/5040
  random/restricted/matrix: 3250/5040
  random/restricted/matrix: 3275/5040
  random/restricted/matrix: 3300/5040
  random/restricted/matrix: 3325/5040
  random/restricted/matrix: 3350/5040
  random/restricted/matrix: 3375/5040
  random/restricted/matrix: 3400/5040
  random/restricted/matrix: 3425/5040
  random/restricted/matrix: 3450/5040
  random/restricted/matrix: 3475/5040
  random/restricted/matrix: 3500/5040
  random/restricted/matrix: 3525/5040
  random/restricted/matrix: 3550/5040
  random/restricted/matrix: 3575/5040
  random/restricted/matrix: 3600/5040
  random/restricted/matrix: 3625/5040
  random/restricted/matrix: 3650/5040
  random/restricted/matrix: 3675/5040
  random/restricted/matrix: 3700/5040
  random/restricted/matrix: 3725/5040
  random/restricted/matrix: 3750/5040
  random/restricted/matrix: 3775/5040
  random/restricted/matrix: 3800/5040
  random/restricted/matrix: 3825/5040
  random/restricted/matrix: 3850/5040
  random/restricted/matrix: 3875/5040
  random/restricted/matrix: 3900/5040
  random/restricted/matrix: 3925/5040
  random/restricted/matrix: 3950/5040
  random/restricted/matrix: 3975/5040
  random/restricted/matrix: 4000/5040
  random/restricted/matrix: 4025/5040
  random/restricted/matrix: 4050/5040
  random/restricted/matrix: 4075/5040
  random/restricted/matrix: 4100/5040
  random/restricted/matrix: 4125/5040
  random/restricted/matrix: 4150/5040
  random/restricted/matrix: 4175/5040
  random/restricted/matrix: 4200/5040
  random/restricted/matrix: 4225/5040
  random/restricted/matrix: 4250/5040
  random/restricted/matrix: 4275/5040
  random/restricted/matrix: 4300/5040
  random/restricted/matrix: 4325/5040
  random/restricted/matrix: 4350/5040
  random/restricted/matrix: 4375/5040
  random/restricted/matrix: 4400/5040
  random/restricted/matrix: 4425/5040
  random/restricted/matrix: 4450/5040
  random/restricted/matrix: 4475/5040
  random/restricted/matrix: 4500/5040
  random/restricted/matrix: 4525/5040
  random/restricted/matrix: 4550/5040
  random/restricted/matrix: 4575/5040
  random/restricted/matrix: 4600/5040
  random/restricted/matrix: 4625/5040
  random/restricted/matrix: 4650/5040
  random/restricted/matrix: 4675/5040
  random/restricted/matrix: 4700/5040
  random/restricted/matrix: 4725/5040
  random/restricted/matrix: 4750/5040
  random/restricted/matrix: 4775/5040
  random/restricted/matrix: 4800/5040
  random/restricted/matrix: 4825/5040
  random/restricted/matrix: 4850/5040
  random/restricted/matrix: 4875/5040
  random/restricted/matrix: 4900/5040
  random/restricted/matrix: 4925/5040
  random/restricted/matrix: 4950/5040
  random/restricted/matrix: 4975/5040
  random/restricted/matrix: 5000/5040
  random/restricted/matrix: 5025/5040
random/restricted/matrix: mean 5.458, worst 9, cold open 0.0s, 176s total
  minimax/restricted/matrix: 25/5040
  minimax/restricted/matrix: 50/5040
  minimax/restricted/matrix: 75/5040
  minimax/restricted/matrix: 100/5040
  minimax/restricted/matrix: 125/5040
  minimax/restricted/matrix: 150/5040
  minimax/restricted/matrix: 175/5040
  minimax/restricted/matrix: 200/5040
  minimax/restricted/matrix: 225/5040
  minimax/restricted/matrix: 250/5040
  minimax/restricted/matrix: 275/5040
  minimax/restricted/matrix: 300/5040
  minimax/restricted/matrix: 325/5040
  minimax/restricted/matrix: 350/5040
  minimax/restricted/matrix: 375/5040
  minimax/restricted/matrix: 400/5040
  minimax/restricted/matrix: 425/5040
  minimax/restricted/matrix: 450/5040
  minimax/restricted/matrix: 475/5040
  minimax/restricted/matrix: 500/5040
  minimax/restricted/matrix: 525/5040
  minimax/restricted/matrix: 550/5040
  minimax/restricted/matrix: 575/5040
  minimax/restricted/matrix: 600/5040
  minimax/restricted/matrix: 625/5040
  minimax/restricted/matrix: 650/5040
  minimax/restricted/matrix: 675/5040
  minimax/restricted/matrix: 700/5040
  minimax/restricted/matrix: 725/5040
  minimax/restricted/matrix: 750/5040
  minimax/restricted/matrix: 775/5040
  minimax/restricted/matrix: 800/5040
  minimax/restricted/matrix: 825/5040
  minimax/restricted/matrix: 850/5040
  minimax/restricted/matrix: 875/5040
  minimax/restricted/matrix: 900/5040
  minimax/restricted/matrix: 925/5040
  minimax/restricted/matrix: 950/5040
  minimax/restricted/matrix: 975/5040
  minimax/restricted/matrix: 1000/5040
  minimax/restricted/matrix: 1025/5040
  minimax/restricted/matrix: 1050/5040
  minimax/restricted/matrix: 1075/5040
  minimax/restricted/matrix: 1100/5040
  minimax/restricted/matrix: 1125/5040
  minimax/restricted/matrix: 1150/5040
  minimax/restricted/matrix: 1175/5040
  minimax/restricted/matrix: 1200/5040
  minimax/restricted/matrix: 1225/5040
  minimax/restricted/matrix: 1250/5040
  minimax/restricted/matrix: 1275/5040
  minimax/restricted/matrix: 1300/5040
  minimax/restricted/matrix: 1325/5040
  minimax/restricted/matrix: 1350/5040
  minimax/restricted/matrix: 1375/5040
  minimax/restricted/matrix: 1400/5040
  minimax/restricted/matrix: 1425/5040
  minimax/restricted/matrix: 1450/5040
  minimax/restricted/matrix: 1475/5040
  minimax/restricted/matrix: 1500/5040
  minimax/restricted/matrix: 1525/5040
  minimax/restricted/matrix: 1550/5040
  minimax/restricted/matrix: 1575/5040
  minimax/restricted/matrix: 1600/5040
  minimax/restricted/matrix: 1625/5040
  minimax/restricted/matrix: 1650/5040
  minimax/restricted/matrix: 1675/5040
  minimax/restricted/matrix: 1700/5040
  minimax/restricted/matrix: 1725/5040
  minimax/restricted/matrix: 1750/5040
  minimax/restricted/matrix: 1775/5040
  minimax/restricted/matrix: 1800/5040
  minimax/restricted/matrix: 1825/5040
  minimax/restricted/matrix: 1850/5040
  minimax/restricted/matrix: 1875/5040
  minimax/restricted/matrix: 1900/5040
  minimax/restricted/matrix: 1925/5040
  minimax/restricted/matrix: 1950/5040
  minimax/restricted/matrix: 1975/5040
  minimax/restricted/matrix: 2000/5040
  minimax/restricted/matrix: 2025/5040
  minimax/restricted/matrix: 2050/5040
  minimax/restricted/matrix: 2075/5040
  minimax/restricted/matrix: 2100/5040
  minimax/restricted/matrix: 2125/5040
  minimax/restricted/matrix: 2150/5040
  minimax/restricted/matrix: 2175/5040
  minimax/restricted/matrix: 2200/5040
  minimax/restricted/matrix: 2225/5040
  minimax/restricted/matrix: 2250/5040
  minimax/restricted/matrix: 2275/5040
  minimax/restricted/matrix: 2300/5040
  minimax/restricted/matrix: 2325/5040
  minimax/restricted/matrix: 2350/5040
  minimax/restricted/matrix: 2375/5040
  minimax/restricted/matrix: 2400/5040
  minimax/restricted/matrix: 2425/5040
  minimax/restricted/matrix: 2450/5040
  minimax/restricted/matrix: 2475/5040
  minimax/restricted/matrix: 2500/5040
  minimax/restricted/matrix: 2525/5040
  minimax/restricted/matrix: 2550/5040
  minimax/restricted/matrix: 2575/5040
  minimax/restricted/matrix: 2600/5040
  minimax/restricted/matrix: 2625/5040
  minimax/restricted/matrix: 2650/5040
  minimax/restricted/matrix: 2675/5040
  minimax/restricted/matrix: 2700/5040
  minimax/restricted/matrix: 2725/5040
  minimax/restricted/matrix: 2750/5040
  minimax/restricted/matrix: 2775/5040
  minimax/restricted/matrix: 2800/5040
  minimax/restricted/matrix: 2825/5040
  minimax/restricted/matrix: 2850/5040
  minimax/restricted/matrix: 2875/5040
  minimax/restricted/matrix: 2900/5040
  minimax/restricted/matrix: 2925/5040
  minimax/restricted/matrix: 2950/5040
  minimax/restricted/matrix: 2975/5040
  minimax/restricted/matrix: 3000/5040
  minimax/restricted/matrix: 3025/5040
  minimax/restricted/matrix: 3050/5040
  minimax/restricted/matrix: 3075/5040
  minimax/restricted/matrix: 3100/5040
  minimax/restricted/matrix: 3125/5040
  minimax/restricted/matrix: 3150/5040
  minimax/restricted/matrix: 3175/5040
  minimax/restricted/matrix: 3200/5040
  minimax/restricted/matrix: 3225/5040
  minimax/restricted/matrix: 3250/5040
  minimax/restricted/matrix: 3275/5040
  minimax/restricted/matrix: 3300/5040
  minimax/restricted/matrix: 3325/5040
  minimax/restricted/matrix: 3350/5040
  minimax/restricted/matrix: 3375/5040
  minimax/restricted/matrix: 3400/5040
  minimax/restricted/matrix: 3425/5040
  minimax/restricted/matrix: 3450/5040
  minimax/restricted/matrix: 3475/5040
  minimax/restricted/matrix: 3500/5040
  minimax/restricted/matrix: 3525/5040
  minimax/restricted/matrix: 3550/5040
  minimax/restricted/matrix: 3575/5040
  minimax/restricted/matrix: 3600/5040
  minimax/restricted/matrix: 3625/5040
  minimax/restricted/matrix: 3650/5040
  minimax/restricted/matrix: 3675/5040
  minimax/restricted/matrix: 3700/5040
  minimax/restricted/matrix: 3725/5040
  minimax/restricted/matrix: 3750/5040
  minimax/restricted/matrix: 3775/5040
  minimax/restricted/matrix: 3800/5040
  minimax/restricted/matrix: 3825/5040
  minimax/restricted/matrix: 3850/5040
  minimax/restricted/matrix: 3875/5040
  minimax/restricted/matrix: 3900/5040
  minimax/restricted/matrix: 3925/5040
  minimax/restricted/matrix: 3950/5040
  minimax/restricted/matrix: 3975/5040
  minimax/restricted/matrix: 4000/5040
  minimax/restricted/matrix: 4025/5040
  minimax/restricted/matrix: 4050/5040
  minimax/restricted/matrix: 4075/5040
  minimax/restricted/matrix: 4100/5040
  minimax/restricted/matrix: 4125/5040
  minimax/restricted/matrix: 4150/5040
  minimax/restricted/matrix: 4175/5040
  minimax/restricted/matrix: 4200/5040
  minimax/restricted/matrix: 4225/5040
  minimax/restricted/matrix: 4250/5040
  minimax/restricted/matrix: 4275/5040
  minimax/restricted/matrix: 4300/5040
  minimax/restricted/matrix: 4325/5040
  minimax/restricted/matrix: 4350/5040
  minimax/restricted/matrix: 4375/5040
  minimax/restricted/matrix: 4400/5040
  minimax/restricted/matrix: 4425/5040
  minimax/restricted/matrix: 4450/5040
  minimax/restricted/matrix: 4475/5040
  minimax/restricted/matrix: 4500/5040
  minimax/restricted/matrix: 4525/5040
  minimax/restricted/matrix: 4550/5040
  minimax/restricted/matrix: 4575/5040
  minimax/restricted/matrix: 4600/5040
  minimax/restricted/matrix: 4625/5040
  minimax/restricted/matrix: 4650/5040
  minimax/restricted/matrix: 4675/5040
  minimax/restricted/matrix: 4700/5040
  minimax/restricted/matrix: 4725/5040
  minimax/restricted/matrix: 4750/5040
  minimax/restricted/matrix: 4775/5040
  minimax/restricted/matrix: 4800/5040
  minimax/restricted/matrix: 4825/5040
  minimax/restricted/matrix: 4850/5040
  minimax/restricted/matrix: 4875/5040
  minimax/restricted/matrix: 4900/5040
  minimax/restricted/matrix: 4925/5040
  minimax/restricted/matrix: 4950/5040
  minimax/restricted/matrix: 4975/5040
  minimax/restricted/matrix: 5000/5040
  minimax/restricted/matrix: 5025/5040
minimax/restricted/matrix: mean 5.354, worst 8, cold open 0.5s, 165s total
  expected-size/restricted/matrix: 25/5040
  expected-size/restricted/matrix: 50/5040
  expected-size/restricted/matrix: 75/5040
  expected-size/restricted/matrix: 100/5040
  expected-size/restricted/matrix: 125/5040
  expected-size/restricted/matrix: 150/5040
  expected-size/restricted/matrix: 175/5040
  expected-size/restricted/matrix: 200/5040
  expected-size/restricted/matrix: 225/5040
  expected-size/restricted/matrix: 250/5040
  expected-size/restricted/matrix: 275/5040
  expected-size/restricted/matrix: 300/5040
  expected-size/restricted/matrix: 325/5040
  expected-size/restricted/matrix: 350/5040
  expected-size/restricted/matrix: 375/5040
  expected-size/restricted/matrix: 400/5040
  expected-size/restricted/matrix: 425/5040
  expected-size/restricted/matrix: 450/5040
  expected-size/restricted/matrix: 475/5040
  expected-size/restricted/matrix: 500/5040
  expected-size/restricted/matrix: 525/5040
  expected-size/restricted/matrix: 550/5040
  expected-size/restricted/matrix: 575/5040
  expected-size/restricted/matrix: 600/5040
  expected-size/restricted/matrix: 625/5040
  expected-size/restricted/matrix: 650/5040
  expected-size/restricted/matrix: 675/5040
  expected-size/restricted/matrix: 700/5040
  expected-size/restricted/matrix: 725/5040
  expected-size/restricted/matrix: 750/5040
  expected-size/restricted/matrix: 775/5040
  expected-size/restricted/matrix: 800/5040
  expected-size/restricted/matrix: 825/5040
  expected-size/restricted/matrix: 850/5040
  expected-size/restricted/matrix: 875/5040
  expected-size/restricted/matrix: 900/5040
  expected-size/restricted/matrix: 925/5040
  expected-size/restricted/matrix: 950/5040
  expected-size/restricted/matrix: 975/5040
  expected-size/restricted/matrix: 1000/5040
  expected-size/restricted/matrix: 1025/5040
  expected-size/restricted/matrix: 1050/5040
  expected-size/restricted/matrix: 1075/5040
  expected-size/restricted/matrix: 1100/5040
  expected-size/restricted/matrix: 1125/5040
  expected-size/restricted/matrix: 1150/5040
  expected-size/restricted/matrix: 1175/5040
  expected-size/restricted/matrix: 1200/5040
  expected-size/restricted/matrix: 1225/5040
  expected-size/restricted/matrix: 1250/5040
  expected-size/restricted/matrix: 1275/5040
  expected-size/restricted/matrix: 1300/5040
  expected-size/restricted/matrix: 1325/5040
  expected-size/restricted/matrix: 1350/5040
  expected-size/restricted/matrix: 1375/5040
  expected-size/restricted/matrix: 1400/5040
  expected-size/restricted/matrix: 1425/5040
  expected-size/restricted/matrix: 1450/5040
  expected-size/restricted/matrix: 1475/5040
  expected-size/restricted/matrix: 1500/5040
  expected-size/restricted/matrix: 1525/5040
  expected-size/restricted/matrix: 1550/5040
  expected-size/restricted/matrix: 1575/5040
  expected-size/restricted/matrix: 1600/5040
  expected-size/restricted/matrix: 1625/5040
  expected-size/restricted/matrix: 1650/5040
  expected-size/restricted/matrix: 1675/5040
  expected-size/restricted/matrix: 1700/5040
  expected-size/restricted/matrix: 1725/5040
  expected-size/restricted/matrix: 1750/5040
  expected-size/restricted/matrix: 1775/5040
  expected-size/restricted/matrix: 1800/5040
  expected-size/restricted/matrix: 1825/5040
  expected-size/restricted/matrix: 1850/5040
  expected-size/restricted/matrix: 1875/5040
  expected-size/restricted/matrix: 1900/5040
  expected-size/restricted/matrix: 1925/5040
  expected-size/restricted/matrix: 1950/5040
  expected-size/restricted/matrix: 1975/5040
  expected-size/restricted/matrix: 2000/5040
  expected-size/restricted/matrix: 2025/5040
  expected-size/restricted/matrix: 2050/5040
  expected-size/restricted/matrix: 2075/5040
  expected-size/restricted/matrix: 2100/5040
  expected-size/restricted/matrix: 2125/5040
  expected-size/restricted/matrix: 2150/5040
  expected-size/restricted/matrix: 2175/5040
  expected-size/restricted/matrix: 2200/5040
  expected-size/restricted/matrix: 2225/5040
  expected-size/restricted/matrix: 2250/5040
  expected-size/restricted/matrix: 2275/5040
  expected-size/restricted/matrix: 2300/5040
  expected-size/restricted/matrix: 2325/5040
  expected-size/restricted/matrix: 2350/5040
  expected-size/restricted/matrix: 2375/5040
  expected-size/restricted/matrix: 2400/5040
  expected-size/restricted/matrix: 2425/5040
  expected-size/restricted/matrix: 2450/5040
  expected-size/restricted/matrix: 2475/5040
  expected-size/restricted/matrix: 2500/5040
  expected-size/restricted/matrix: 2525/5040
  expected-size/restricted/matrix: 2550/5040
  expected-size/restricted/matrix: 2575/5040
  expected-size/restricted/matrix: 2600/5040
  expected-size/restricted/matrix: 2625/5040
  expected-size/restricted/matrix: 2650/5040
  expected-size/restricted/matrix: 2675/5040
  expected-size/restricted/matrix: 2700/5040
  expected-size/restricted/matrix: 2725/5040
  expected-size/restricted/matrix: 2750/5040
  expected-size/restricted/matrix: 2775/5040
  expected-size/restricted/matrix: 2800/5040
  expected-size/restricted/matrix: 2825/5040
  expected-size/restricted/matrix: 2850/5040
  expected-size/restricted/matrix: 2875/5040
  expected-size/restricted/matrix: 2900/5040
  expected-size/restricted/matrix: 2925/5040
  expected-size/restricted/matrix: 2950/5040
  expected-size/restricted/matrix: 2975/5040
  expected-size/restricted/matrix: 3000/5040
  expected-size/restricted/matrix: 3025/5040
  expected-size/restricted/matrix: 3050/5040
  expected-size/restricted/matrix: 3075/5040
  expected-size/restricted/matrix: 3100/5040
  expected-size/restricted/matrix: 3125/5040
  expected-size/restricted/matrix: 3150/5040
  expected-size/restricted/matrix: 3175/5040
  expected-size/restricted/matrix: 3200/5040
  expected-size/restricted/matrix: 3225/5040
  expected-size/restricted/matrix: 3250/5040
  expected-size/restricted/matrix: 3275/5040
  expected-size/restricted/matrix: 3300/5040
  expected-size/restricted/matrix: 3325/5040
  expected-size/restricted/matrix: 3350/5040
  expected-size/restricted/matrix: 3375/5040
  expected-size/restricted/matrix: 3400/5040
  expected-size/restricted/matrix: 3425/5040
  expected-size/restricted/matrix: 3450/5040
  expected-size/restricted/matrix: 3475/5040
  expected-size/restricted/matrix: 3500/5040
  expected-size/restricted/matrix: 3525/5040
  expected-size/restricted/matrix: 3550/5040
  expected-size/restricted/matrix: 3575/5040
  expected-size/restricted/matrix: 3600/5040
  expected-size/restricted/matrix: 3625/5040
  expected-size/restricted/matrix: 3650/5040
  expected-size/restricted/matrix: 3675/5040
  expected-size/restricted/matrix: 3700/5040
  expected-size/restricted/matrix: 3725/5040
  expected-size/restricted/matrix: 3750/5040
  expected-size/restricted/matrix: 3775/5040
  expected-size/restricted/matrix: 3800/5040
  expected-size/restricted/matrix: 3825/5040
  expected-size/restricted/matrix: 3850/5040
  expected-size/restricted/matrix: 3875/5040
  expected-size/restricted/matrix: 3900/5040
  expected-size/restricted/matrix: 3925/5040
  expected-size/restricted/matrix: 3950/5040
  expected-size/restricted/matrix: 3975/5040
  expected-size/restricted/matrix: 4000/5040
  expected-size/restricted/matrix: 4025/5040
  expected-size/restricted/matrix: 4050/5040
  expected-size/restricted/matrix: 4075/5040
  expected-size/restricted/matrix: 4100/5040
  expected-size/restricted/matrix: 4125/5040
  expected-size/restricted/matrix: 4150/5040
  expected-size/restricted/matrix: 4175/5040
  expected-size/restricted/matrix: 4200/5040
  expected-size/restricted/matrix: 4225/5040
  expected-size/restricted/matrix: 4250/5040
  expected-size/restricted/matrix: 4275/5040
  expected-size/restricted/matrix: 4300/5040
  expected-size/restricted/matrix: 4325/5040
  expected-size/restricted/matrix: 4350/5040
  expected-size/restricted/matrix: 4375/5040
  expected-size/restricted/matrix: 4400/5040
  expected-size/restricted/matrix: 4425/5040
  expected-size/restricted/matrix: 4450/5040
  expected-size/restricted/matrix: 4475/5040
  expected-size/restricted/matrix: 4500/5040
  expected-size/restricted/matrix: 4525/5040
  expected-size/restricted/matrix: 4550/5040
  expected-size/restricted/matrix: 4575/5040
  expected-size/restricted/matrix: 4600/5040
  expected-size/restricted/matrix: 4625/5040
  expected-size/restricted/matrix: 4650/5040
  expected-size/restricted/matrix: 4675/5040
  expected-size/restricted/matrix: 4700/5040
  expected-size/restricted/matrix: 4725/5040
  expected-size/restricted/matrix: 4750/5040
  expected-size/restricted/matrix: 4775/5040
  expected-size/restricted/matrix: 4800/5040
  expected-size/restricted/matrix: 4825/5040
  expected-size/restricted/matrix: 4850/5040
  expected-size/restricted/matrix: 4875/5040
  expected-size/restricted/matrix: 4900/5040
  expected-size/restricted/matrix: 4925/5040
  expected-size/restricted/matrix: 4950/5040
  expected-size/restricted/matrix: 4975/5040
  expected-size/restricted/matrix: 5000/5040
  expected-size/restricted/matrix: 5025/5040
expected-size/restricted/matrix: mean 5.319, worst 8, cold open 0.3s, 147s total
  entropy/restricted/matrix: 25/5040
  entropy/restricted/matrix: 50/5040
  entropy/restricted/matrix: 75/5040
  entropy/restricted/matrix: 100/5040
  entropy/restricted/matrix: 125/5040
  entropy/restricted/matrix: 150/5040
  entropy/restricted/matrix: 175/5040
  entropy/restricted/matrix: 200/5040
  entropy/restricted/matrix: 225/5040
  entropy/restricted/matrix: 250/5040
  entropy/restricted/matrix: 275/5040
  entropy/restricted/matrix: 300/5040
  entropy/restricted/matrix: 325/5040
  entropy/restricted/matrix: 350/5040
  entropy/restricted/matrix: 375/5040
  entropy/restricted/matrix: 400/5040
  entropy/restricted/matrix: 425/5040
  entropy/restricted/matrix: 450/5040
  entropy/restricted/matrix: 475/5040
  entropy/restricted/matrix: 500/5040
  entropy/restricted/matrix: 525/5040
  entropy/restricted/matrix: 550/5040
  entropy/restricted/matrix: 575/5040
  entropy/restricted/matrix: 600/5040
  entropy/restricted/matrix: 625/5040
  entropy/restricted/matrix: 650/5040
  entropy/restricted/matrix: 675/5040
  entropy/restricted/matrix: 700/5040
  entropy/restricted/matrix: 725/5040
  entropy/restricted/matrix: 750/5040
  entropy/restricted/matrix: 775/5040
  entropy/restricted/matrix: 800/5040
  entropy/restricted/matrix: 825/5040
  entropy/restricted/matrix: 850/5040
  entropy/restricted/matrix: 875/5040
  entropy/restricted/matrix: 900/5040
  entropy/restricted/matrix: 925/5040
  entropy/restricted/matrix: 950/5040
  entropy/restricted/matrix: 975/5040
  entropy/restricted/matrix: 1000/5040
  entropy/restricted/matrix: 1025/5040
  entropy/restricted/matrix: 1050/5040
  entropy/restricted/matrix: 1075/5040
  entropy/restricted/matrix: 1100/5040
  entropy/restricted/matrix: 1125/5040
  entropy/restricted/matrix: 1150/5040
  entropy/restricted/matrix: 1175/5040
  entropy/restricted/matrix: 1200/5040
  entropy/restricted/matrix: 1225/5040
  entropy/restricted/matrix: 1250/5040
  entropy/restricted/matrix: 1275/5040
  entropy/restricted/matrix: 1300/5040
  entropy/restricted/matrix: 1325/5040
  entropy/restricted/matrix: 1350/5040
  entropy/restricted/matrix: 1375/5040
  entropy/restricted/matrix: 1400/5040
  entropy/restricted/matrix: 1425/5040
  entropy/restricted/matrix: 1450/5040
  entropy/restricted/matrix: 1475/5040
  entropy/restricted/matrix: 1500/5040
  entropy/restricted/matrix: 1525/5040
  entropy/restricted/matrix: 1550/5040
  entropy/restricted/matrix: 1575/5040
  entropy/restricted/matrix: 1600/5040
  entropy/restricted/matrix: 1625/5040
  entropy/restricted/matrix: 1650/5040
  entropy/restricted/matrix: 1675/5040
  entropy/restricted/matrix: 1700/5040
  entropy/restricted/matrix: 1725/5040
  entropy/restricted/matrix: 1750/5040
  entropy/restricted/matrix: 1775/5040
  entropy/restricted/matrix: 1800/5040
  entropy/restricted/matrix: 1825/5040
  entropy/restricted/matrix: 1850/5040
  entropy/restricted/matrix: 1875/5040
  entropy/restricted/matrix: 1900/5040
  entropy/restricted/matrix: 1925/5040
  entropy/restricted/matrix: 1950/5040
  entropy/restricted/matrix: 1975/5040
  entropy/restricted/matrix: 2000/5040
  entropy/restricted/matrix: 2025/5040
  entropy/restricted/matrix: 2050/5040
  entropy/restricted/matrix: 2075/5040
  entropy/restricted/matrix: 2100/5040
  entropy/restricted/matrix: 2125/5040
  entropy/restricted/matrix: 2150/5040
  entropy/restricted/matrix: 2175/5040
  entropy/restricted/matrix: 2200/5040
  entropy/restricted/matrix: 2225/5040
  entropy/restricted/matrix: 2250/5040
  entropy/restricted/matrix: 2275/5040
  entropy/restricted/matrix: 2300/5040
  entropy/restricted/matrix: 2325/5040
  entropy/restricted/matrix: 2350/5040
  entropy/restricted/matrix: 2375/5040
  entropy/restricted/matrix: 2400/5040
  entropy/restricted/matrix: 2425/5040
  entropy/restricted/matrix: 2450/5040
  entropy/restricted/matrix: 2475/5040
  entropy/restricted/matrix: 2500/5040
  entropy/restricted/matrix: 2525/5040
  entropy/restricted/matrix: 2550/5040
  entropy/restricted/matrix: 2575/5040
  entropy/restricted/matrix: 2600/5040
  entropy/restricted/matrix: 2625/5040
  entropy/restricted/matrix: 2650/5040
  entropy/restricted/matrix: 2675/5040
  entropy/restricted/matrix: 2700/5040
  entropy/restricted/matrix: 2725/5040
  entropy/restricted/matrix: 2750/5040
  entropy/restricted/matrix: 2775/5040
  entropy/restricted/matrix: 2800/5040
  entropy/restricted/matrix: 2825/5040
  entropy/restricted/matrix: 2850/5040
  entropy/restricted/matrix: 2875/5040
  entropy/restricted/matrix: 2900/5040
  entropy/restricted/matrix: 2925/5040
  entropy/restricted/matrix: 2950/5040
  entropy/restricted/matrix: 2975/5040
  entropy/restricted/matrix: 3000/5040
  entropy/restricted/matrix: 3025/5040
  entropy/restricted/matrix: 3050/5040
  entropy/restricted/matrix: 3075/5040
  entropy/restricted/matrix: 3100/5040
  entropy/restricted/matrix: 3125/5040
  entropy/restricted/matrix: 3150/5040
  entropy/restricted/matrix: 3175/5040
  entropy/restricted/matrix: 3200/5040
  entropy/restricted/matrix: 3225/5040
  entropy/restricted/matrix: 3250/5040
  entropy/restricted/matrix: 3275/5040
  entropy/restricted/matrix: 3300/5040
  entropy/restricted/matrix: 3325/5040
  entropy/restricted/matrix: 3350/5040
  entropy/restricted/matrix: 3375/5040
  entropy/restricted/matrix: 3400/5040
  entropy/restricted/matrix: 3425/5040
  entropy/restricted/matrix: 3450/5040
  entropy/restricted/matrix: 3475/5040
  entropy/restricted/matrix: 3500/5040
  entropy/restricted/matrix: 3525/5040
  entropy/restricted/matrix: 3550/5040
  entropy/restricted/matrix: 3575/5040
  entropy/restricted/matrix: 3600/5040
  entropy/restricted/matrix: 3625/5040
  entropy/restricted/matrix: 3650/5040
  entropy/restricted/matrix: 3675/5040
  entropy/restricted/matrix: 3700/5040
  entropy/restricted/matrix: 3725/5040
  entropy/restricted/matrix: 3750/5040
  entropy/restricted/matrix: 3775/5040
  entropy/restricted/matrix: 3800/5040
  entropy/restricted/matrix: 3825/5040
  entropy/restricted/matrix: 3850/5040
  entropy/restricted/matrix: 3875/5040
  entropy/restricted/matrix: 3900/5040
  entropy/restricted/matrix: 3925/5040
  entropy/restricted/matrix: 3950/5040
  entropy/restricted/matrix: 3975/5040
  entropy/restricted/matrix: 4000/5040
  entropy/restricted/matrix: 4025/5040
  entropy/restricted/matrix: 4050/5040
  entropy/restricted/matrix: 4075/5040
  entropy/restricted/matrix: 4100/5040
  entropy/restricted/matrix: 4125/5040
  entropy/restricted/matrix: 4150/5040
  entropy/restricted/matrix: 4175/5040
  entropy/restricted/matrix: 4200/5040
  entropy/restricted/matrix: 4225/5040
  entropy/restricted/matrix: 4250/5040
  entropy/restricted/matrix: 4275/5040
  entropy/restricted/matrix: 4300/5040
  entropy/restricted/matrix: 4325/5040
  entropy/restricted/matrix: 4350/5040
  entropy/restricted/matrix: 4375/5040
  entropy/restricted/matrix: 4400/5040
  entropy/restricted/matrix: 4425/5040
  entropy/restricted/matrix: 4450/5040
  entropy/restricted/matrix: 4475/5040
  entropy/restricted/matrix: 4500/5040
  entropy/restricted/matrix: 4525/5040
  entropy/restricted/matrix: 4550/5040
  entropy/restricted/matrix: 4575/5040
  entropy/restricted/matrix: 4600/5040
  entropy/restricted/matrix: 4625/5040
  entropy/restricted/matrix: 4650/5040
  entropy/restricted/matrix: 4675/5040
  entropy/restricted/matrix: 4700/5040
  entropy/restricted/matrix: 4725/5040
  entropy/restricted/matrix: 4750/5040
  entropy/restricted/matrix: 4775/5040
  entropy/restricted/matrix: 4800/5040
  entropy/restricted/matrix: 4825/5040
  entropy/restricted/matrix: 4850/5040
  entropy/restricted/matrix: 4875/5040
  entropy/restricted/matrix: 4900/5040
  entropy/restricted/matrix: 4925/5040
  entropy/restricted/matrix: 4950/5040
  entropy/restricted/matrix: 4975/5040
  entropy/restricted/matrix: 5000/5040
  entropy/restricted/matrix: 5025/5040
entropy/restricted/matrix: mean 5.314, worst 8, cold open 0.2s, 133s total
wrote docs/benchmarks/bc5040/README.md
wrote docs/benchmarks/bc5040/guess-distribution.png
wrote docs/benchmarks/bc5040/candidate-collapse.png
wrote docs/benchmarks/bc5040/paired-difference.png
wrote docs/benchmarks/bc5040/mean-vs-floor.png
done in 10.4 min
